2a06:98c0:3600:: - - [06/May/2025:00:00:00 -0400] "GET /wordpress/wp-admin/setup-config.php HTTP/1.1" 404 196 notbadtech.com "-" "Mozilla/5.0 (Windows NT 10.0; Win64; x64) AppleWebKit/537.36 (KHTML, like Gecko) Chrome/135.0.0.0 Safari/537.36" "-"
2a06:98c0:3600:: - - [06/May/2025:00:00:10 -0400] "GET //wp-admin/setup-config.php HTTP/1.1" 404 196 notbadtech.com "-" "Mozilla/5.0 (Windows NT 10.0; Win64; x64) AppleWebKit/537.36 (KHTML, like Gecko) Chrome/135.0.0.0 Safari/537.36" "-"
2a06:98c0:3600:: - - [06/May/2025:00:00:27 -0400] "GET //wordpress/wp-admin/setup-config.php HTTP/1.1" 404 196 notbadtech.com "-" "Mozilla/5.0 (Windows NT 10.0; Win64; x64) AppleWebKit/537.36 (KHTML, like Gecko) Chrome/135.0.0.0 Safari/537.36" "-"
2a06:98c0:3600:: - - [06/May/2025:00:00:38 -0400] "GET /wp-admin/setup-config.php HTTP/1.1" 404 196 notbadtech.com "-" "Mozilla/5.0 (Windows NT 10.0; Win64; x64) AppleWebKit/537.36 (KHTML, like Gecko) Chrome/135.0.0.0 Safari/537.36" "-"
2a06:98c0:3600:: - - [06/May/2025:00:00:53 -0400] "GET //wp-admin/setup-config.php HTTP/1.1" 404 196 notbadtech.com "-" "Mozilla/5.0 (Windows NT 10.0; Win64; x64) AppleWebKit/537.36 (KHTML, like Gecko) Chrome/135.0.0.0 Safari/537.36" "-"
2a06:98c0:3600:: - - [06/May/2025:00:01:07 -0400] "GET //wp-admin/setup-config.php HTTP/1.1" 404 196 notbadtech.com "-" "Mozilla/5.0 (Windows NT 10.0; Win64; x64) AppleWebKit/537.36 (KHTML, like Gecko) Chrome/135.0.0.0 Safari/537.36" "-"
2600:4040:aa00:: - - [06/May/2025:00:02:34 -0400] "POST /youtube-click.php HTTP/1.1" 200 16 www.notbadtech.com "https://www.notbadtech.com/" "Mozilla/5.0 (Windows NT 10.0; Win64; x64) AppleWebKit/537.36 (KHTML, like Gecko) Chrome/133.0.0.0 Safari/537.36 OPR/118.0.0.0" "-"
18.208.196.0 - - [06/May/2025:00:02:43 -0400] "GET / HTTP/1.1" 200 18366 notbadtech.com "-" "Mozilla/5.0 (Windows NT 10.0; Win64; x64) AppleWebKit/537.36 (KHTML, like Gecko) Chrome/125.0.0.0 Safari/537.36" "-"
2600:4040:aa00:: - - [06/May/2025:00:02:48 -0400] "GET / HTTP/1.1" 200 18366 www.notbadtech.com "-" "Mozilla/5.0 (Windows NT 10.0; Win64; x64) AppleWebKit/537.36 (KHTML, like Gecko) Chrome/133.0.0.0 Safari/537.36 OPR/118.0.0.0" "-"
2600:4040:aa00:: - - [06/May/2025:00:02:48 -0400] "GET /css/styles.css HTTP/1.1" 200 1244 www.notbadtech.com "https://www.notbadtech.com/" "Mozilla/5.0 (Windows NT 10.0; Win64; x64) AppleWebKit/537.36 (KHTML, like Gecko) Chrome/133.0.0.0 Safari/537.36 OPR/118.0.0.0" "-"
2600:4040:aa00:: - - [06/May/2025:00:02:48 -0400] "GET /js/form.js HTTP/1.1" 200 17219 www.notbadtech.com "https://www.notbadtech.com/" "Mozilla/5.0 (Windows NT 10.0; Win64; x64) AppleWebKit/537.36 (KHTML, like Gecko) Chrome/133.0.0.0 Safari/537.36 OPR/118.0.0.0" "-"
2600:4040:aa00:: - - [06/May/2025:00:02:48 -0400] "GET /public/youtube.svg HTTP/1.1" 200 452 www.notbadtech.com "https://www.notbadtech.com/" "Mozilla/5.0 (Windows NT 10.0; Win64; x64) AppleWebKit/537.36 (KHTML, like Gecko) Chrome/133.0.0.0 Safari/537.36 OPR/118.0.0.0" "-"
2600:4040:aa00:: - - [06/May/2025:00:02:50 -0400] "POST /youtube-click.php HTTP/1.1" 200 16 www.notbadtech.com "https://www.notbadtech.com/" "Mozilla/5.0 (Windows NT 10.0; Win64; x64) AppleWebKit/537.36 (KHTML, like Gecko) Chrome/133.0.0.0 Safari/537.36 OPR/118.0.0.0" "-"
2a06:98c0:3600:: - - [06/May/2025:00:04:40 -0400] "GET //wordpress/wp-admin/setup-config.php HTTP/1.1" 404 196 notbadtech.com "-" "Mozilla/5.0 (Windows NT 10.0; Win64; x64) AppleWebKit/537.36 (KHTML, like Gecko) Chrome/135.0.0.0 Safari/537.36" "-"
206.190.145.0 - - [06/May/2025:00:06:42 -0400] "GET / HTTP/1.1" 200 18366 notbadtech.com "http://notbadtech.org" "Mozilla/5.0 (Windows NT 10.0; Win64; x64) AppleWebKit/537.36 (KHTML, like Gecko) Chrome/114.0.0.0 Safari/537.36 Edg/114.0.1264.71" "-"
193.187.172.0 - - [06/May/2025:00:07:58 -0400] "GET / HTTP/1.1" 200 18366 notbadtech.com "-" "python-requests/2.28.2" "-"
2a06:98c0:3600:: - - [06/May/2025:00:14:15 -0400] "GET /wp-admin/setup-config.php HTTP/1.1" 404 196 notbadtech.com "-" "Mozilla/5.0 (Windows NT 10.0; Win64; x64) AppleWebKit/537.36 (KHTML, like Gecko) Chrome/135.0.0.0 Safari/537.36" "-"
2a06:98c0:3600:: - - [06/May/2025:00:14:16 -0400] "GET //wordpress/wp-admin/setup-config.php HTTP/1.1" 404 196 notbadtech.com "-" "Mozilla/5.0 (Windows NT 10.0; Win64; x64) AppleWebKit/537.36 (KHTML, like Gecko) Chrome/135.0.0.0 Safari/537.36" "-"
2a06:98c0:3600:: - - [06/May/2025:00:14:25 -0400] "GET /wordpress/wp-admin/setup-config.php HTTP/1.1" 404 196 notbadtech.com "-" "Mozilla/5.0 (Windows NT 10.0; Win64; x64) AppleWebKit/537.36 (KHTML, like Gecko) Chrome/135.0.0.0 Safari/537.36" "-"
2600:4040:aa00:: - - [06/May/2025:00:15:03 -0400] "GET /admin/ HTTP/1.1" 404 196 www.notbadtech.com "-" "Mozilla/5.0 (Windows NT 10.0; Win64; x64) AppleWebKit/537.36 (KHTML, like Gecko) Chrome/133.0.0.0 Safari/537.36 OPR/118.0.0.0" "-"
2a06:98c0:3600:: - - [06/May/2025:00:15:22 -0400] "GET //wp-admin/setup-config.php HTTP/1.1" 404 196 notbadtech.com "-" "Mozilla/5.0 (Windows NT 10.0; Win64; x64) AppleWebKit/537.36 (KHTML, like Gecko) Chrome/135.0.0.0 Safari/537.36" "-"
2600:4040:aa00:: - - [06/May/2025:00:15:32 -0400] "GET /admin/ HTTP/1.1" 403 199 www.notbadtech.com "-" "Mozilla/5.0 (Windows NT 10.0; Win64; x64) AppleWebKit/537.36 (KHTML, like Gecko) Chrome/133.0.0.0 Safari/537.36 OPR/118.0.0.0" "-"
2600:4040:aa00:: - - [06/May/2025:00:15:37 -0400] "GET /admin/login.php HTTP/1.1" 200 1626 www.notbadtech.com "-" "Mozilla/5.0 (Windows NT 10.0; Win64; x64) AppleWebKit/537.36 (KHTML, like Gecko) Chrome/133.0.0.0 Safari/537.36 OPR/118.0.0.0" "-"
2600:4040:aa00:: - - [06/May/2025:00:15:38 -0400] "GET /css/styles.css HTTP/1.1" 200 1244 www.notbadtech.com "https://www.notbadtech.com/admin/login.php" "Mozilla/5.0 (Windows NT 10.0; Win64; x64) AppleWebKit/537.36 (KHTML, like Gecko) Chrome/133.0.0.0 Safari/537.36 OPR/118.0.0.0" "-"
2a06:98c0:3600:: - - [06/May/2025:00:15:41 -0400] "GET //wp-admin/setup-config.php HTTP/1.1" 404 196 notbadtech.com "-" "Mozilla/5.0 (Windows NT 10.0; Win64; x64) AppleWebKit/537.36 (KHTML, like Gecko) Chrome/135.0.0.0 Safari/537.36" "-"
2600:4040:aa00:: - - [06/May/2025:00:15:45 -0400] "POST /admin/login.php HTTP/1.1" 200 1723 www.notbadtech.com "https://www.notbadtech.com/admin/login.php" "Mozilla/5.0 (Windows NT 10.0; Win64; x64) AppleWebKit/537.36 (KHTML, like Gecko) Chrome/133.0.0.0 Safari/537.36 OPR/118.0.0.0" "-"
2600:4040:aa00:: - - [06/May/2025:00:15:46 -0400] "GET /css/styles.css HTTP/1.1" 304 - www.notbadtech.com "https://www.notbadtech.com/admin/login.php" "Mozilla/5.0 (Windows NT 10.0; Win64; x64) AppleWebKit/537.36 (KHTML, like Gecko) Chrome/133.0.0.0 Safari/537.36 OPR/118.0.0.0" "-"
2a06:98c0:3600:: - - [06/May/2025:00:16:01 -0400] "GET /wp-admin/setup-config.php HTTP/1.1" 404 196 notbadtech.com "-" "Mozilla/5.0 (Windows NT 10.0; Win64; x64) AppleWebKit/537.36 (KHTML, like Gecko) Chrome/135.0.0.0 Safari/537.36" "-"
2a06:98c0:3600:: - - [06/May/2025:00:16:02 -0400] "GET /wordpress/wp-admin/setup-config.php HTTP/1.1" 404 196 notbadtech.com "-" "Mozilla/5.0 (Windows NT 10.0; Win64; x64) AppleWebKit/537.36 (KHTML, like Gecko) Chrome/135.0.0.0 Safari/537.36" "-"
2600:4040:aa00:: - - [06/May/2025:00:16:25 -0400] "POST /admin/login.php HTTP/1.1" 200 1723 www.notbadtech.com "https://www.notbadtech.com/admin/login.php" "Mozilla/5.0 (Windows NT 10.0; Win64; x64) AppleWebKit/537.36 (KHTML, like Gecko) Chrome/133.0.0.0 Safari/537.36 OPR/118.0.0.0" "-"
2600:4040:aa00:: - - [06/May/2025:00:16:25 -0400] "GET /css/styles.css HTTP/1.1" 304 - www.notbadtech.com "https://www.notbadtech.com/admin/login.php" "Mozilla/5.0 (Windows NT 10.0; Win64; x64) AppleWebKit/537.36 (KHTML, like Gecko) Chrome/133.0.0.0 Safari/537.36 OPR/118.0.0.0" "-"
2600:4040:aa00:: - - [06/May/2025:00:16:31 -0400] "POST /admin/login.php HTTP/1.1" 200 1723 www.notbadtech.com "https://www.notbadtech.com/admin/login.php" "Mozilla/5.0 (Windows NT 10.0; Win64; x64) AppleWebKit/537.36 (KHTML, like Gecko) Chrome/133.0.0.0 Safari/537.36 OPR/118.0.0.0" "-"
2600:4040:aa00:: - - [06/May/2025:00:16:32 -0400] "GET /css/styles.css HTTP/1.1" 304 - www.notbadtech.com "https://www.notbadtech.com/admin/login.php" "Mozilla/5.0 (Windows NT 10.0; Win64; x64) AppleWebKit/537.36 (KHTML, like Gecko) Chrome/133.0.0.0 Safari/537.36 OPR/118.0.0.0" "-"
2a06:98c0:3600:: - - [06/May/2025:00:16:33 -0400] "GET //wp-admin/setup-config.php HTTP/1.1" 404 196 notbadtech.com "-" "Mozilla/5.0 (Windows NT 10.0; Win64; x64) AppleWebKit/537.36 (KHTML, like Gecko) Chrome/135.0.0.0 Safari/537.36" "-"
2a06:98c0:3600:: - - [06/May/2025:00:16:50 -0400] "GET //wordpress/wp-admin/setup-config.php HTTP/1.1" 404 196 notbadtech.com "-" "Mozilla/5.0 (Windows NT 10.0; Win64; x64) AppleWebKit/537.36 (KHTML, like Gecko) Chrome/135.0.0.0 Safari/537.36" "-"
2a06:98c0:3600:: - - [06/May/2025:00:17:58 -0400] "GET //wordpress/wp-admin/setup-config.php HTTP/1.1" 404 196 notbadtech.com "-" "Mozilla/5.0 (Windows NT 10.0; Win64; x64) AppleWebKit/537.36 (KHTML, like Gecko) Chrome/135.0.0.0 Safari/537.36" "-"
2600:4040:aa00:: - - [06/May/2025:00:18:20 -0400] "GET /generate_hash.php HTTP/1.1" 200 60 www.notbadtech.com "-" "Mozilla/5.0 (Windows NT 10.0; Win64; x64) AppleWebKit/537.36 (KHTML, like Gecko) Chrome/133.0.0.0 Safari/537.36 OPR/118.0.0.0" "-"
2600:4040:aa00:: - - [06/May/2025:00:20:43 -0400] "GET /admin/login.php HTTP/1.1" 200 1626 www.notbadtech.com "-" "Mozilla/5.0 (Windows NT 10.0; Win64; x64) AppleWebKit/537.36 (KHTML, like Gecko) Chrome/133.0.0.0 Safari/537.36 OPR/118.0.0.0" "-"
2600:4040:aa00:: - - [06/May/2025:00:20:43 -0400] "GET /css/styles.css HTTP/1.1" 304 - www.notbadtech.com "https://www.notbadtech.com/admin/login.php" "Mozilla/5.0 (Windows NT 10.0; Win64; x64) AppleWebKit/537.36 (KHTML, like Gecko) Chrome/133.0.0.0 Safari/537.36 OPR/118.0.0.0" "-"
2600:4040:aa00:: - - [06/May/2025:00:20:45 -0400] "POST /admin/login.php HTTP/1.1" 302 - www.notbadtech.com "https://www.notbadtech.com/admin/login.php" "Mozilla/5.0 (Windows NT 10.0; Win64; x64) AppleWebKit/537.36 (KHTML, like Gecko) Chrome/133.0.0.0 Safari/537.36 OPR/118.0.0.0" "-"
2600:4040:aa00:: - - [06/May/2025:00:20:46 -0400] "GET /admin/dashboard.php HTTP/1.1" 500 - www.notbadtech.com "https://www.notbadtech.com/admin/login.php" "Mozilla/5.0 (Windows NT 10.0; Win64; x64) AppleWebKit/537.36 (KHTML, like Gecko) Chrome/133.0.0.0 Safari/537.36 OPR/118.0.0.0" "-"
2600:4040:aa00:: - - [06/May/2025:00:24:36 -0400] "GET /admin/login.php HTTP/1.1" 302 - www.notbadtech.com "-" "Mozilla/5.0 (Windows NT 10.0; Win64; x64) AppleWebKit/537.36 (KHTML, like Gecko) Chrome/133.0.0.0 Safari/537.36 OPR/118.0.0.0" "-"
2600:4040:aa00:: - - [06/May/2025:00:24:36 -0400] "GET /admin/dashboard.php HTTP/1.1" 500 21 www.notbadtech.com "-" "Mozilla/5.0 (Windows NT 10.0; Win64; x64) AppleWebKit/537.36 (KHTML, like Gecko) Chrome/133.0.0.0 Safari/537.36 OPR/118.0.0.0" "-"
